[ec2-user@ip-10-2-11-39 ~]$ mysql -h udacity-readreplica.cm3setjlp9e3.us-west-2.rds.amazonaws.com -uadmin -pudacity-admin
mysql: [Warning] Using a password on the command line interface can be insecure.
Welcome to the MySQL monitor.  Commands end with ; or \g.
Your MySQL connection id is 25
Server version: 5.7.22 Source distribution

Copyright (c) 2000, 2020, Oracle and/or its affiliates. All rights reserved.

Oracle is a registered trademark of Oracle Corporation and/or its
affiliates. Other names may be trademarks of their respective
owners.

Type 'help;' or '\h' for help. Type '\c' to clear the current input statement.

mysql> show databases;
+--------------------+
| Database           |
+--------------------+
| information_schema |
| innodb             |
| mysql              |
| performance_schema |
| sys                |
| udacity            |
+--------------------+
6 rows in set (0.00 sec)

mysql> use udacity;
Reading table information for completion of table and column names
You can turn off this feature to get a quicker startup with -A

Database changed
mysql> show tables;
+-------------------+
| Tables_in_udacity |
+-------------------+
| car             |
+-------------------+
1 row in set (0.00 sec)

mysql> select * from car;
+---------+
| make    |
+---------+
| Volvo |
+---------+
1 row in set (0.00 sec)

mysql> insert into car (make) values ('Toyota');
ERROR 1290 (HY000): The MySQL server is running with the --read-only option so it cannot execute this statement